Archive member included to satisfy reference by file (symbol)

d:/~arm_toolchains_sw/gcc-arm-none-eabi-10.3-2021.10/bin/../lib/gcc/arm-none-eabi/10.3.1/../../../../arm-none-eabi/lib/thumb/v7e-m+dp/hard\libc_nano.a(lib_a-errno.o)
                              build/sysmem.o (__errno)
d:/~arm_toolchains_sw/gcc-arm-none-eabi-10.3-2021.10/bin/../lib/gcc/arm-none-eabi/10.3.1/../../../../arm-none-eabi/lib/thumb/v7e-m+dp/hard\libc_nano.a(lib_a-exit.o)
                              d:/~arm_toolchains_sw/gcc-arm-none-eabi-10.3-2021.10/bin/../lib/gcc/arm-none-eabi/10.3.1/../../../../arm-none-eabi/lib/thumb/v7e-m+dp/hard/crt0.o (exit)
d:/~arm_toolchains_sw/gcc-arm-none-eabi-10.3-2021.10/bin/../lib/gcc/arm-none-eabi/10.3.1/../../../../arm-none-eabi/lib/thumb/v7e-m+dp/hard\libc_nano.a(lib_a-impure.o)
                              d:/~arm_toolchains_sw/gcc-arm-none-eabi-10.3-2021.10/bin/../lib/gcc/arm-none-eabi/10.3.1/../../../../arm-none-eabi/lib/thumb/v7e-m+dp/hard\libc_nano.a(lib_a-exit.o) (_global_impure_ptr)
d:/~arm_toolchains_sw/gcc-arm-none-eabi-10.3-2021.10/bin/../lib/gcc/arm-none-eabi/10.3.1/../../../../arm-none-eabi/lib/thumb/v7e-m+dp/hard\libc_nano.a(lib_a-init.o)
                              d:/~arm_toolchains_sw/gcc-arm-none-eabi-10.3-2021.10/bin/../lib/gcc/arm-none-eabi/10.3.1/../../../../arm-none-eabi/lib/thumb/v7e-m+dp/hard/crt0.o (__libc_init_array)
d:/~arm_toolchains_sw/gcc-arm-none-eabi-10.3-2021.10/bin/../lib/gcc/arm-none-eabi/10.3.1/../../../../arm-none-eabi/lib/thumb/v7e-m+dp/hard\libc_nano.a(lib_a-memset.o)
                              d:/~arm_toolchains_sw/gcc-arm-none-eabi-10.3-2021.10/bin/../lib/gcc/arm-none-eabi/10.3.1/../../../../arm-none-eabi/lib/thumb/v7e-m+dp/hard/crt0.o (memset)

Discarded input sections

 .text          0x00000000        0x0 d:/~arm_toolchains_sw/gcc-arm-none-eabi-10.3-2021.10/bin/../lib/gcc/arm-none-eabi/10.3.1/thumb/v7e-m+dp/hard/crti.o
 .data          0x00000000        0x0 d:/~arm_toolchains_sw/gcc-arm-none-eabi-10.3-2021.10/bin/../lib/gcc/arm-none-eabi/10.3.1/thumb/v7e-m+dp/hard/crti.o
 .bss           0x00000000        0x0 d:/~arm_toolchains_sw/gcc-arm-none-eabi-10.3-2021.10/bin/../lib/gcc/arm-none-eabi/10.3.1/thumb/v7e-m+dp/hard/crti.o
 .data          0x00000000        0x4 d:/~arm_toolchains_sw/gcc-arm-none-eabi-10.3-2021.10/bin/../lib/gcc/arm-none-eabi/10.3.1/thumb/v7e-m+dp/hard/crtbegin.o
 .rodata        0x00000000       0x24 d:/~arm_toolchains_sw/gcc-arm-none-eabi-10.3-2021.10/bin/../lib/gcc/arm-none-eabi/10.3.1/thumb/v7e-m+dp/hard/crtbegin.o
 .text          0x00000000       0x7c d:/~arm_toolchains_sw/gcc-arm-none-eabi-10.3-2021.10/bin/../lib/gcc/arm-none-eabi/10.3.1/../../../../arm-none-eabi/lib/thumb/v7e-m+dp/hard/crt0.o
 .data          0x00000000        0x0 d:/~arm_toolchains_sw/gcc-arm-none-eabi-10.3-2021.10/bin/../lib/gcc/arm-none-eabi/10.3.1/../../../../arm-none-eabi/lib/thumb/v7e-m+dp/hard/crt0.o
 .bss           0x00000000        0x0 d:/~arm_toolchains_sw/gcc-arm-none-eabi-10.3-2021.10/bin/../lib/gcc/arm-none-eabi/10.3.1/../../../../arm-none-eabi/lib/thumb/v7e-m+dp/hard/crt0.o
 .ARM.extab     0x00000000        0x0 d:/~arm_toolchains_sw/gcc-arm-none-eabi-10.3-2021.10/bin/../lib/gcc/arm-none-eabi/10.3.1/../../../../arm-none-eabi/lib/thumb/v7e-m+dp/hard/crt0.o
 .ARM.exidx     0x00000000       0x10 d:/~arm_toolchains_sw/gcc-arm-none-eabi-10.3-2021.10/bin/../lib/gcc/arm-none-eabi/10.3.1/../../../../arm-none-eabi/lib/thumb/v7e-m+dp/hard/crt0.o
 .ARM.attributes
                0x00000000       0x1c d:/~arm_toolchains_sw/gcc-arm-none-eabi-10.3-2021.10/bin/../lib/gcc/arm-none-eabi/10.3.1/../../../../arm-none-eabi/lib/thumb/v7e-m+dp/hard/crt0.o
 .text          0x00000000        0x0 build/main.o
 .data          0x00000000        0x0 build/main.o
 .bss           0x00000000        0x0 build/main.o
 .text          0x00000000        0x0 build/stm32h7xx_it.o
 .data          0x00000000        0x0 build/stm32h7xx_it.o
 .bss           0x00000000        0x0 build/stm32h7xx_it.o
 .text          0x00000000        0x0 build/stm32h7xx_hal_msp.o
 .data          0x00000000        0x0 build/stm32h7xx_hal_msp.o
 .bss           0x00000000        0x0 build/stm32h7xx_hal_msp.o
 .text          0x00000000        0x0 build/stm32h7xx_hal_cortex.o
 .data          0x00000000        0x0 build/stm32h7xx_hal_cortex.o
 .bss           0x00000000        0x0 build/stm32h7xx_hal_cortex.o
 .text.HAL_NVIC_EnableIRQ
                0x00000000       0x1c build/stm32h7xx_hal_cortex.o
 .text.HAL_NVIC_DisableIRQ
                0x00000000       0x24 build/stm32h7xx_hal_cortex.o
 .text.HAL_NVIC_SystemReset
                0x00000000       0x24 build/stm32h7xx_hal_cortex.o
 .text.HAL_MPU_EnableRegion
                0x00000000       0x18 build/stm32h7xx_hal_cortex.o
 .text.HAL_MPU_DisableRegion
                0x00000000       0x18 build/stm32h7xx_hal_cortex.o
 .text.HAL_NVIC_GetPriorityGrouping
                0x00000000       0x10 build/stm32h7xx_hal_cortex.o
 .text.HAL_NVIC_GetPriority
[...]
Memory Configuration

Name             Origin             Length             Attributes
DTCMRAM          0x20000000         0x00020000         xrw
RAM              0x24000000         0x00080000         xrw
RAM_D2           0x30000000         0x00048000         xrw
RAM_D3           0x38000000         0x00010000         xrw
ITCMRAM          0x00000000         0x00010000         xrw
FLASH            0x08000000         0x00200000         xr
*default*        0x00000000         0xffffffff

Linker script and memory map

LOAD d:/~arm_toolchains_sw/gcc-arm-none-eabi-10.3-2021.10/bin/../lib/gcc/arm-none-eabi/10.3.1/thumb/v7e-m+dp/hard/crti.o
LOAD d:/~arm_toolchains_sw/gcc-arm-none-eabi-10.3-2021.10/bin/../lib/gcc/arm-none-eabi/10.3.1/thumb/v7e-m+dp/hard/crtbegin.o
LOAD d:/~arm_toolchains_sw/gcc-arm-none-eabi-10.3-2021.10/bin/../lib/gcc/arm-none-eabi/10.3.1/../../../../arm-none-eabi/lib/thumb/v7e-m+dp/hard/crt0.o
LOAD build/main.o
LOAD build/stm32h7xx_it.o
LOAD build/stm32h7xx_hal_msp.o
LOAD build/stm32h7xx_hal_cortex.o
LOAD build/stm32h7xx_hal_rcc.o
LOAD build/stm32h7xx_hal_rcc_ex.o
LOAD build/stm32h7xx_hal_flash.o
LOAD build/stm32h7xx_hal_flash_ex.o
LOAD build/stm32h7xx_hal_gpio.o
LOAD build/stm32h7xx_hal_hsem.o
LOAD build/stm32h7xx_hal_dma.o
LOAD build/stm32h7xx_hal_dma_ex.o
LOAD build/stm32h7xx_hal_mdma.o
LOAD build/stm32h7xx_hal_pwr.o
LOAD build/stm32h7xx_hal_pwr_ex.o
LOAD build/stm32h7xx_hal.o
LOAD build/stm32h7xx_hal_i2c.o
LOAD build/stm32h7xx_hal_i2c_ex.o
LOAD build/stm32h7xx_hal_exti.o
LOAD build/stm32h7xx_hal_tim.o
LOAD build/stm32h7xx_hal_tim_ex.o
LOAD build/system_stm32h7xx.o
LOAD build/sysmem.o
LOAD build/syscalls.o
LOAD build/startup_stm32h743xx.o
LOAD d:/~arm_toolchains_sw/gcc-arm-none-eabi-10.3-2021.10/bin/../lib/gcc/arm-none-eabi/10.3.1/../../../../arm-none-eabi/lib/thumb/v7e-m+dp/hard\libc_nano.a
LOAD d:/~arm_toolchains_sw/gcc-arm-none-eabi-10.3-2021.10/bin/../lib/gcc/arm-none-eabi/10.3.1/../../../../arm-none-eabi/lib/thumb/v7e-m+dp/hard\libm.a
LOAD d:/~arm_toolchains_sw/gcc-arm-none-eabi-10.3-2021.10/bin/../lib/gcc/arm-none-eabi/10.3.1/../../../../arm-none-eabi/lib/thumb/v7e-m+dp/hard\libnosys.a
START GROUP
LOAD d:/~arm_toolchains_sw/gcc-arm-none-eabi-10.3-2021.10/bin/../lib/gcc/arm-none-eabi/10.3.1/thumb/v7e-m+dp/hard\libgcc.a
LOAD d:/~arm_toolchains_sw/gcc-arm-none-eabi-10.3-2021.10/bin/../lib/gcc/arm-none-eabi/10.3.1/../../../../arm-none-eabi/lib/thumb/v7e-m+dp/hard\libc_nano.a
END GROUP
START GROUP
LOAD d:/~arm_toolchains_sw/gcc-arm-none-eabi-10.3-2021.10/bin/../lib/gcc/arm-none-eabi/10.3.1/thumb/v7e-m+dp/hard\libgcc.a
LOAD d:/~arm_toolchains_sw/gcc-arm-none-eabi-10.3-2021.10/bin/../lib/gcc/arm-none-eabi/10.3.1/../../../../arm-none-eabi/lib/thumb/v7e-m+dp/hard\libc_nano.a
END GROUP
LOAD d:/~arm_toolchains_sw/gcc-arm-none-eabi-10.3-2021.10/bin/../lib/gcc/arm-none-eabi/10.3.1/thumb/v7e-m+dp/hard/crtend.o
LOAD d:/~arm_toolchains_sw/gcc-arm-none-eabi-10.3-2021.10/bin/../lib/gcc/arm-none-eabi/10.3.1/thumb/v7e-m+dp/hard/crtn.o
                0x20020000                _estack = (ORIGIN (DTCMRAM) + LENGTH (DTCMRAM))
                0x2001fc00                _sstack = (_estack - _Min_Stack_Size)
                0x00000200                _Min_Heap_Size = 0x200
                0x00000400                _Min_Stack_Size = 0x400

.isr_vector     0x08000000      0x298
                0x08000000                . = ALIGN (0x4)
 *(.isr_vector)
 .isr_vector    0x08000000      0x298 build/startup_stm32h743xx.o
                0x08000000                g_pfnVectors
                0x08000298                . = ALIGN (0x4)

.text           0x08000298     0x1438
                0x08000298                . = ALIGN (0x4)
 *(.text)
 .text          0x08000298       0x40 d:/~arm_toolchains_sw/gcc-arm-none-eabi-10.3-2021.10/bin/../lib/gcc/arm-none-eabi/10.3.1/thumb/v7e-m+dp/hard/crtbegin.o
 *(.text*)
 .text.MPU_Config
                0x080002d8       0x52 build/main.o
 *fill*         0x0800032a        0x2 
 .text.MX_GPIO_Init
                0x0800032c       0x74 build/main.o
 .text.Error_Handler
                0x080003a0        0x4 build/main.o
                0x080003a0                Error_Handler
 .text.SystemClock_Config
                0x080003a4       0xc4 build/main.o
                0x080003a4                SystemClock_Config
 .text.main     0x08000468       0x2c build/main.o
                0x08000468                main
 .text.NMI_Handler
                0x08000494        0x2 build/stm32h7xx_it.o
                0x08000494                NMI_Handler
 .text.HardFault_Handler
                0x08000496        0x2 build/stm32h7xx_it.o
                0x08000496                HardFault_Handler
 .text.MemManage_Handler
                0x08000498        0x2 build/stm32h7xx_it.o
                0x08000498                MemManage_Handler
 .text.BusFault_Handler
                0x0800049a        0x2 build/stm32h7xx_it.o
                0x0800049a                BusFault_Handler
 .text.UsageFault_Handler
                0x0800049c        0x2 build/stm32h7xx_it.o
                0x0800049c                UsageFault_Handler
 .text.SVC_Handler
                0x0800049e        0x2 build/stm32h7xx_it.o
                0x0800049e                SVC_Handler
 .text.DebugMon_Handler
                0x080004a0        0x2 build/stm32h7xx_it.o
                0x080004a0                DebugMon_Handler
 .text.PendSV_Handler
                0x080004a2        0x2 build/stm32h7xx_it.o
                0x080004a2                PendSV_Handler
 .text.SysTick_Handler
                0x080004a4        0x8 build/stm32h7xx_it.o
                0x080004a4                SysTick_Handler
 .text.HAL_MspInit
                0x080004ac       0x24 build/stm32h7xx_hal_msp.o
                0x080004ac                HAL_MspInit
 .text.HAL_NVIC_SetPriorityGrouping
                0x080004d0       0x24 build/stm32h7xx_hal_cortex.o
                0x080004d0                HAL_NVIC_SetPriorityGrouping
 .text.HAL_NVIC_SetPriority
                0x080004f4       0x6c build/stm32h7xx_hal_cortex.o
                0x080004f4                HAL_NVIC_SetPriority
 .text.HAL_SYSTICK_Config
                0x08000560       0x28 build/stm32h7xx_hal_cortex.o
                0x08000560                HAL_SYSTICK_Config
 .text.HAL_MPU_Disable
                0x08000588       0x1c build/stm32h7xx_hal_cortex.o
                0x08000588                HAL_MPU_Disable
 .text.HAL_MPU_Enable
                0x080005a4       0x20 build/stm32h7xx_hal_cortex.o
                0x080005a4                HAL_MPU_Enable
 .text.HAL_MPU_ConfigRegion
                0x080005c4       0x58 build/stm32h7xx_hal_cortex.o
                0x080005c4                HAL_MPU_ConfigRegion
 .text.HAL_RCC_OscConfig
                0x0800061c      0x6b4 build/stm32h7xx_hal_rcc.o
                0x0800061c                HAL_RCC_OscConfig
 .text.HAL_RCC_GetSysClockFreq
                0x08000cd0      0x1f4 build/stm32h7xx_hal_rcc.o
                0x08000cd0                HAL_RCC_GetSysClockFreq
 .text.HAL_RCC_ClockConfig
                0x08000ec4      0x294 build/stm32h7xx_hal_rcc.o
                0x08000ec4                HAL_RCC_ClockConfig
 .text.HAL_GPIO_Init
                0x08001158      0x22c build/stm32h7xx_hal_gpio.o
                0x08001158                HAL_GPIO_Init
 .text.HAL_GPIO_WritePin
                0x08001384        0xc build/stm32h7xx_hal_gpio.o
                0x08001384                HAL_GPIO_WritePin
 .text.HAL_GPIO_TogglePin
                0x08001390       0x12 build/stm32h7xx_hal_gpio.o
                0x08001390                HAL_GPIO_TogglePin
 *fill*         0x080013a2        0x2 
 .text.HAL_PWREx_ConfigSupply
                0x080013a4       0x54 build/stm32h7xx_hal_pwr_ex.o
                0x080013a4                HAL_PWREx_ConfigSupply
 .text.HAL_InitTick
                0x080013f8       0x50 build/stm32h7xx_hal.o
                0x080013f8                HAL_InitTick
 .text.HAL_Init
                0x08001448       0x5c build/stm32h7xx_hal.o
                0x08001448                HAL_Init
 .text.HAL_IncTick
                0x080014a4       0x18 build/stm32h7xx_hal.o
                0x080014a4                HAL_IncTick
 .text.HAL_GetTick
                0x080014bc        0xc build/stm32h7xx_hal.o
                0x080014bc                HAL_GetTick
 .text.HAL_Delay
                0x080014c8       0x28 build/stm32h7xx_hal.o
                0x080014c8                HAL_Delay
 .text.HAL_GetREVID
                0x080014f0        0xc build/stm32h7xx_hal.o
                0x080014f0                HAL_GetREVID
 .text.SystemInit
                0x080014fc       0xf4 build/system_stm32h7xx.o
                0x080014fc                SystemInit
 .text.ExitRun0Mode
                0x080015f0       0x18 build/system_stm32h7xx.o
                0x080015f0                ExitRun0Mode
 .text.Reset_Handler
                0x08001608       0x54 build/startup_stm32h743xx.o
                0x08001608                Reset_Handler
 .text.Default_Handler
                0x0800165c        0x2 build/startup_stm32h743xx.o
                0x0800165c                RTC_Alarm_IRQHandler
                0x0800165c                EXTI2_IRQHandler
                0x0800165c                TIM8_CC_IRQHandler
                0x0800165c                HRTIM1_Master_IRQHandler
                0x0800165c                UART8_IRQHandler
                0x0800165c                SPI4_IRQHandler
                0x0800165c                TIM1_CC_IRQHandler
                0x0800165c                BDMA_Channel6_IRQHandler
                0x0800165c                DMA2_Stream5_IRQHandler
                0x0800165c                HRTIM1_FLT_IRQHandler
                0x0800165c                JPEG_IRQHandler
                0x0800165c                DMA1_Stream5_IRQHandler
                0x0800165c                BDMA_Channel1_IRQHandler
                0x0800165c                HRTIM1_TIMD_IRQHandler
                0x0800165c                TAMP_STAMP_IRQHandler
                0x0800165c                EXTI3_IRQHandler
                0x0800165c                LPTIM4_IRQHandler
                0x0800165c                TIM8_TRG_COM_TIM14_IRQHandler
                0x0800165c                LPTIM2_IRQHandler
                0x0800165c                DFSDM1_FLT1_IRQHandler
                0x0800165c                DMAMUX2_OVR_IRQHandler
                0x0800165c                TIM8_UP_TIM13_IRQHandler
                0x0800165c                I2C3_ER_IRQHandler
                0x0800165c                DFSDM1_FLT2_IRQHandler
                0x0800165c                MDMA_IRQHandler
                0x0800165c                LPTIM3_IRQHandler
                0x0800165c                HSEM1_IRQHandler
                0x0800165c                EXTI0_IRQHandler
                0x0800165c                I2C2_EV_IRQHandler
                0x0800165c                DMA1_Stream2_IRQHandler
                0x0800165c                FPU_IRQHandler
                0x0800165c                OTG_HS_WKUP_IRQHandler
                0x0800165c                FDCAN1_IT1_IRQHandler
                0x0800165c                LTDC_ER_IRQHandler
                0x0800165c                DMA2_Stream2_IRQHandler
                0x0800165c                HRTIM1_TIME_IRQHandler
                0x0800165c                SPI1_IRQHandler
                0x0800165c                TIM6_DAC_IRQHandler
                0x0800165c                DCMI_IRQHandler
                0x0800165c                HRTIM1_TIMC_IRQHandler
                0x0800165c                DMA2_Stream3_IRQHandler
                0x0800165c                SAI2_IRQHandler
                0x0800165c                DFSDM1_FLT3_IRQHandler
                0x0800165c                USART6_IRQHandler
                0x0800165c                TIM17_IRQHandler
                0x0800165c                USART3_IRQHandler
                0x0800165c                BDMA_Channel7_IRQHandler
                0x0800165c                LPTIM5_IRQHandler
                0x0800165c                UART5_IRQHandler
                0x0800165c                ADC3_IRQHandler
                0x0800165c                DMA2_Stream0_IRQHandler
                0x0800165c                TIM4_IRQHandler
                0x0800165c                BDMA_Channel2_IRQHandler
                0x0800165c                QUADSPI_IRQHandler
                0x0800165c                I2C1_EV_IRQHandler
                0x0800165c                DMA1_Stream6_IRQHandler
                0x0800165c                DMAMUX1_OVR_IRQHandler
                0x0800165c                DMA1_Stream1_IRQHandler
                0x0800165c                TIM16_IRQHandler
                0x0800165c                UART4_IRQHandler
                0x0800165c                BDMA_Channel5_IRQHandler
                0x0800165c                TIM3_IRQHandler
                0x0800165c                RCC_IRQHandler
                0x0800165c                TIM8_BRK_TIM12_IRQHandler
                0x0800165c                TIM1_TRG_COM_IRQHandler
                0x0800165c                Default_Handler
                0x0800165c                ECC_IRQHandler
                0x0800165c                CEC_IRQHandler
                0x0800165c                EXTI15_10_IRQHandler
                0x0800165c                BDMA_Channel0_IRQHandler
                0x0800165c                ADC_IRQHandler
                0x0800165c                DMA1_Stream7_IRQHandler
                0x0800165c                HRTIM1_TIMA_IRQHandler
                0x0800165c                SPI5_IRQHandler
                0x0800165c                TIM7_IRQHandler
                0x0800165c                SDMMC1_IRQHandler
                0x0800165c                TIM5_IRQHandler
                0x0800165c                DMA2_Stream7_IRQHandler
                0x0800165c                TIM15_IRQHandler
                0x0800165c                PVD_AVD_IRQHandler
                0x0800165c                I2C3_EV_IRQHandler
                0x0800165c                EXTI9_5_IRQHandler
                0x0800165c                RTC_WKUP_IRQHandler
                0x0800165c                LTDC_IRQHandler
                0x0800165c                SAI3_IRQHandler
                0x0800165c                ETH_WKUP_IRQHandler
                0x0800165c                SPDIF_RX_IRQHandler
                0x0800165c                SPI2_IRQHandler
                0x0800165c                OTG_HS_EP1_IN_IRQHandler
                0x0800165c                DMA1_Stream0_IRQHandler
                0x0800165c                CRS_IRQHandler
                0x0800165c                EXTI4_IRQHandler
                0x0800165c                RNG_IRQHandler
                0x0800165c                HRTIM1_TIMB_IRQHandler
                0x0800165c                FDCAN2_IT1_IRQHandler
                0x0800165c                ETH_IRQHandler
                0x0800165c                TIM1_UP_IRQHandler
                0x0800165c                BDMA_Channel4_IRQHandler
                0x0800165c                OTG_HS_EP1_OUT_IRQHandler
                0x0800165c                WWDG_IRQHandler
                0x0800165c                SPI6_IRQHandler
                0x0800165c                MDIOS_IRQHandler
                0x0800165c                I2C4_EV_IRQHandler
                0x0800165c                FDCAN2_IT0_IRQHandler
                0x0800165c                LPUART1_IRQHandler
                0x0800165c                FDCAN1_IT0_IRQHandler
                0x0800165c                TIM2_IRQHandler
                0x0800165c                OTG_FS_WKUP_IRQHandler
                0x0800165c                OTG_HS_IRQHandler
                0x0800165c                DMA2D_IRQHandler
                0x0800165c                TIM1_BRK_IRQHandler
                0x0800165c                EXTI1_IRQHandler
                0x0800165c                SDMMC2_IRQHandler
                0x0800165c                OTG_FS_EP1_OUT_IRQHandler
                0x0800165c                BDMA_Channel3_IRQHandler
                0x0800165c                UART7_IRQHandler
                0x0800165c                MDIOS_WKUP_IRQHandler
                0x0800165c                USART2_IRQHandler
                0x0800165c                DFSDM1_FLT0_IRQHandler
                0x0800165c                SAI4_IRQHandler
                0x0800165c                I2C2_ER_IRQHandler
                0x0800165c                DMA2_Stream1_IRQHandler
                0x0800165c                FLASH_IRQHandler
                0x0800165c                DMA2_Stream4_IRQHandler
                0x0800165c                USART1_IRQHandler
                0x0800165c                OTG_FS_IRQHandler
                0x0800165c                SPI3_IRQHandler
                0x0800165c                WAKEUP_PIN_IRQHandler
                0x0800165c                DMA1_Stream4_IRQHandler
                0x0800165c                OTG_FS_EP1_IN_IRQHandler
                0x0800165c                I2C1_ER_IRQHandler
                0x0800165c                FMC_IRQHandler
                0x0800165c                FDCAN_CAL_IRQHandler
                0x0800165c                SWPMI1_IRQHandler
                0x0800165c                COMP1_IRQHandler
                0x0800165c                LPTIM1_IRQHandler
                0x0800165c                I2C4_ER_IRQHandler
                0x0800165c                DMA2_Stream6_IRQHandler
                0x0800165c                SAI1_IRQHandler
                0x0800165c                DMA1_Stream3_IRQHandler
 *fill*         0x0800165e        0x2 
 .text.__libc_init_array
                0x08001660       0x48 d:/~arm_toolchains_sw/gcc-arm-none-eabi-10.3-2021.10/bin/../lib/gcc/arm-none-eabi/10.3.1/../../../../arm-none-eabi/lib/thumb/v7e-m+dp/hard\libc_nano.a(lib_a-init.o)
                0x08001660                __libc_init_array
 .text.memset   0x080016a8       0x10 d:/~arm_toolchains_sw/gcc-arm-none-eabi-10.3-2021.10/bin/../lib/gcc/arm-none-eabi/10.3.1/../../../../arm-none-eabi/lib/thumb/v7e-m+dp/hard\libc_nano.a(lib_a-memset.o)
                0x080016a8                memset
 *(.glue_7)
 .glue_7        0x080016b8        0x0 linker stubs
 *(.glue_7t)
 .glue_7t       0x080016b8        0x0 linker stubs
 *(.eh_frame)
 .eh_frame      0x080016b8        0x0 d:/~arm_toolchains_sw/gcc-arm-none-eabi-10.3-2021.10/bin/../lib/gcc/arm-none-eabi/10.3.1/thumb/v7e-m+dp/hard/crtbegin.o
 *(.init)
 .init          0x080016b8        0x4 d:/~arm_toolchains_sw/gcc-arm-none-eabi-10.3-2021.10/bin/../lib/gcc/arm-none-eabi/10.3.1/thumb/v7e-m+dp/hard/crti.o
                0x080016b8                _init
 .init          0x080016bc        0x8 d:/~arm_toolchains_sw/gcc-arm-none-eabi-10.3-2021.10/bin/../lib/gcc/arm-none-eabi/10.3.1/thumb/v7e-m+dp/hard/crtn.o
 *(.fini)
 .fini          0x080016c4        0x4 d:/~arm_toolchains_sw/gcc-arm-none-eabi-10.3-2021.10/bin/../lib/gcc/arm-none-eabi/10.3.1/thumb/v7e-m+dp/hard/crti.o
                0x080016c4                _fini
 .fini          0x080016c8        0x8 d:/~arm_toolchains_sw/gcc-arm-none-eabi-10.3-2021.10/bin/../lib/gcc/arm-none-eabi/10.3.1/thumb/v7e-m+dp/hard/crtn.o
                0x080016d0                . = ALIGN (0x4)
                0x080016d0                _etext = .

.vfp11_veneer   0x080016d0        0x0
 .vfp11_veneer  0x080016d0        0x0 linker stubs

.v4_bx          0x080016d0        0x0
 .v4_bx         0x080016d0        0x0 linker stubs

.iplt           0x080016d0        0x0
 .iplt          0x080016d0        0x0 d:/~arm_toolchains_sw/gcc-arm-none-eabi-10.3-2021.10/bin/../lib/gcc/arm-none-eabi/10.3.1/thumb/v7e-m+dp/hard/crtbegin.o

.rodata         0x080016d0       0x10
                0x080016d0                . = ALIGN (0x4)
 *(.rodata)
 *(.rodata*)
 .rodata.D1CorePrescTable
                0x080016d0       0x10 build/system_stm32h7xx.o
                0x080016d0                D1CorePrescTable
                0x080016e0                . = ALIGN (0x4)

.rel.dyn        0x080016e0        0x0
 .rel.iplt      0x080016e0        0x0 d:/~arm_toolchains_sw/gcc-arm-none-eabi-10.3-2021.10/bin/../lib/gcc/arm-none-eabi/10.3.1/thumb/v7e-m+dp/hard/crtbegin.o

.ARM.extab
 *(.ARM.extab* .gnu.linkonce.armextab.*)

.ARM            0x080016e0        0x0
                0x080016e0                __exidx_start = .
 *(.ARM.exidx*)
                0x080016e0                __exidx_end = .

.preinit_array  0x080016e0        0x0
                0x080016e0                PROVIDE (__preinit_array_start = .)
 *(.preinit_array*)
                0x080016e0                PROVIDE (__preinit_array_end = .)

.init_array     0x080016e0        0x4
                0x080016e0                PROVIDE (__init_array_start = .)
 *(SORT_BY_NAME(.init_array.*))
 *(.init_array*)
 .init_array    0x080016e0        0x4 d:/~arm_toolchains_sw/gcc-arm-none-eabi-10.3-2021.10/bin/../lib/gcc/arm-none-eabi/10.3.1/thumb/v7e-m+dp/hard/crtbegin.o
                0x080016e4                PROVIDE (__init_array_end = .)

.fini_array     0x080016e4        0x4
                [!provide]                PROVIDE (__fini_array_start = .)
 *(SORT_BY_NAME(.fini_array.*))
 *(.fini_array*)
 .fini_array    0x080016e4        0x4 d:/~arm_toolchains_sw/gcc-arm-none-eabi-10.3-2021.10/bin/../lib/gcc/arm-none-eabi/10.3.1/thumb/v7e-m+dp/hard/crtbegin.o
                [!provide]                PROVIDE (__fini_array_end = .)
                0x080016e8                _sidata = LOADADDR (.data)

.data           0x20000000       0x10 load address 0x080016e8
                0x20000000                . = ALIGN (0x4)
                0x20000000                _sdata = .
 *(.data)
 *(.data*)
 .data.uwTickFreq
                0x20000000        0x1 build/stm32h7xx_hal.o
                0x20000000                uwTickFreq
 *fill*         0x20000001        0x3 
 .data.uwTickPrio
                0x20000004        0x4 build/stm32h7xx_hal.o
                0x20000004                uwTickPrio
 .data.SystemCoreClock
                0x20000008        0x4 build/system_stm32h7xx.o
                0x20000008                SystemCoreClock
 .data.SystemD2Clock
                0x2000000c        0x4 build/system_stm32h7xx.o
                0x2000000c                SystemD2Clock
 *(.RamFunc)
 *(.RamFunc*)
                0x20000010                . = ALIGN (0x4)
                0x20000010                _edata = .

.igot.plt       0x20000010        0x0 load address 0x080016f8
 .igot.plt      0x20000010        0x0 d:/~arm_toolchains_sw/gcc-arm-none-eabi-10.3-2021.10/bin/../lib/gcc/arm-none-eabi/10.3.1/thumb/v7e-m+dp/hard/crtbegin.o
                0x20000010                . = ALIGN (0x4)

.bss            0x20000010       0x20 load address 0x080016f8
                0x20000010                _sbss = .
                0x20000010                __bss_start__ = _sbss
 *(.bss)
 .bss           0x20000010       0x1c d:/~arm_toolchains_sw/gcc-arm-none-eabi-10.3-2021.10/bin/../lib/gcc/arm-none-eabi/10.3.1/thumb/v7e-m+dp/hard/crtbegin.o
 *(.bss*)
 .bss.uwTick    0x2000002c        0x4 build/stm32h7xx_hal.o
                0x2000002c                uwTick
 *(COMMON)
                0x20000030                . = ALIGN (0x4)
                0x20000030                _ebss = .
                0x20000030                __bss_end__ = _ebss

._user_heap_stack
                0x20000030      0x600 load address 0x080016f8
                0x20000030                . = ALIGN (0x8)
                [!provide]                PROVIDE (end = .)
                0x20000030                PROVIDE (_end = .)
                0x20000230                . = (. + _Min_Heap_Size)
 *fill*         0x20000030      0x200 
                0x20000630                . = (. + _Min_Stack_Size)
 *fill*         0x20000230      0x400 
                0x20000630                . = ALIGN (0x8)

/DISCARD/
 libc.a(*)
 libm.a(*)
 libgcc.a(*)
OUTPUT(build/led_blink.elf elf32-littlearm)
LOAD linker stubs
LOAD d:/~arm_toolchains_sw/gcc-arm-none-eabi-10.3-2021.10/bin/../lib/gcc/arm-none-eabi/10.3.1/../../../../arm-none-eabi/lib/thumb/v7e-m+dp/hard\libc.a
LOAD d:/~arm_toolchains_sw/gcc-arm-none-eabi-10.3-2021.10/bin/../lib/gcc/arm-none-eabi/10.3.1/../../../../arm-none-eabi/lib/thumb/v7e-m+dp/hard\libm.a
LOAD d:/~arm_toolchains_sw/gcc-arm-none-eabi-10.3-2021.10/bin/../lib/gcc/arm-none-eabi/10.3.1/thumb/v7e-m+dp/hard\libgcc.a

.ARM.attributes
                0x00000000       0x2e
 .ARM.attributes
                0x00000000       0x1e d:/~arm_toolchains_sw/gcc-arm-none-eabi-10.3-2021.10/bin/../lib/gcc/arm-none-eabi/10.3.1/thumb/v7e-m+dp/hard/crti.o
 .ARM.attributes
                0x0000001e       0x32 d:/~arm_toolchains_sw/gcc-arm-none-eabi-10.3-2021.10/bin/../lib/gcc/arm-none-eabi/10.3.1/thumb/v7e-m+dp/hard/crtbegin.o
 .ARM.attributes
                0x00000050       0x32 build/main.o
 .ARM.attributes
                0x00000082       0x32 build/stm32h7xx_it.o
 .ARM.attributes
                0x000000b4       0x32 build/stm32h7xx_hal_msp.o
 .ARM.attributes
                0x000000e6       0x32 build/stm32h7xx_hal_cortex.o
 .ARM.attributes
                0x00000118       0x32 build/stm32h7xx_hal_rcc.o
 .ARM.attributes
                0x0000014a       0x32 build/stm32h7xx_hal_gpio.o
 .ARM.attributes
                0x0000017c       0x32 build/stm32h7xx_hal_pwr_ex.o
 .ARM.attributes
                0x000001ae       0x32 build/stm32h7xx_hal.o
 .ARM.attributes
                0x000001e0       0x32 build/system_stm32h7xx.o
 .ARM.attributes
                0x00000212       0x21 build/startup_stm32h743xx.o
 .ARM.attributes
                0x00000233       0x32 d:/~arm_toolchains_sw/gcc-arm-none-eabi-10.3-2021.10/bin/../lib/gcc/arm-none-eabi/10.3.1/../../../../arm-none-eabi/lib/thumb/v7e-m+dp/hard\libc_nano.a(lib_a-init.o)
 .ARM.attributes
                0x00000265       0x32 d:/~arm_toolchains_sw/gcc-arm-none-eabi-10.3-2021.10/bin/../lib/gcc/arm-none-eabi/10.3.1/../../../../arm-none-eabi/lib/thumb/v7e-m+dp/hard\libc_nano.a(lib_a-memset.o)
 .ARM.attributes
                0x00000297       0x1e d:/~arm_toolchains_sw/gcc-arm-none-eabi-10.3-2021.10/bin/../lib/gcc/arm-none-eabi/10.3.1/thumb/v7e-m+dp/hard/crtn.o

.comment        0x00000000       0x49
 .comment       0x00000000       0x49 build/main.o
                                 0x4a (size before relaxing)
 .comment       0x00000049       0x4a build/stm32h7xx_it.o
 .comment       0x00000049       0x4a build/stm32h7xx_hal_msp.o
 .comment       0x00000049       0x4a build/stm32h7xx_hal_cortex.o
 .comment       0x00000049       0x4a build/stm32h7xx_hal_rcc.o
 .comment       0x00000049       0x4a build/stm32h7xx_hal_gpio.o
 .comment       0x00000049       0x4a build/stm32h7xx_hal_pwr_ex.o
 .comment       0x00000049       0x4a build/stm32h7xx_hal.o
 .comment       0x00000049       0x4a build/system_stm32h7xx.o

.debug_info     0x00000000     0x8b4b
 .debug_info    0x00000000      0xf8b build/main.o
 .debug_info    0x00000f8b      0x170 build/stm32h7xx_it.o
 .debug_info    0x000010fb      0x543 build/stm32h7xx_hal_msp.o
 .debug_info    0x0000163e     0x1573 build/stm32h7xx_hal_cortex.o
 .debug_info    0x00002bb1     0x13f6 build/stm32h7xx_hal_rcc.o
 .debug_info    0x00003fa7      0xef1 build/stm32h7xx_hal_gpio.o
 .debug_info    0x00004e98     0x140e build/stm32h7xx_hal_pwr_ex.o
 .debug_info    0x000062a6     0x18de build/stm32h7xx_hal.o
 .debug_info    0x00007b84      0xfa5 build/system_stm32h7xx.o
 .debug_info    0x00008b29       0x22 build/startup_stm32h743xx.o

.debug_abbrev   0x00000000     0x122e
 .debug_abbrev  0x00000000      0x20c build/main.o
 .debug_abbrev  0x0000020c       0x81 build/stm32h7xx_it.o
 .debug_abbrev  0x0000028d       0xc8 build/stm32h7xx_hal_msp.o
 .debug_abbrev  0x00000355      0x395 build/stm32h7xx_hal_cortex.o
 .debug_abbrev  0x000006ea      0x27d build/stm32h7xx_hal_rcc.o
 .debug_abbrev  0x00000967      0x25a build/stm32h7xx_hal_gpio.o
 .debug_abbrev  0x00000bc1      0x2b6 build/stm32h7xx_hal_pwr_ex.o
 .debug_abbrev  0x00000e77      0x261 build/stm32h7xx_hal.o
 .debug_abbrev  0x000010d8      0x144 build/system_stm32h7xx.o
 .debug_abbrev  0x0000121c       0x12 build/startup_stm32h743xx.o

.debug_loc      0x00000000     0x2545
 .debug_loc     0x00000000       0xd6 build/main.o
 .debug_loc     0x000000d6       0x20 build/stm32h7xx_it.o
 .debug_loc     0x000000f6       0x2c build/stm32h7xx_hal_msp.o
 .debug_loc     0x00000122      0x786 build/stm32h7xx_hal_cortex.o
 .debug_loc     0x000008a8      0xac2 build/stm32h7xx_hal_rcc.o
 .debug_loc     0x0000136a      0x482 build/stm32h7xx_hal_gpio.o
 .debug_loc     0x000017ec      0x65b build/stm32h7xx_hal_pwr_ex.o
 .debug_loc     0x00001e47      0x526 build/stm32h7xx_hal.o
 .debug_loc     0x0000236d      0x1d8 build/system_stm32h7xx.o

.debug_aranges  0x00000000      0x5a8
 .debug_aranges
                0x00000000       0x40 build/main.o
 .debug_aranges
                0x00000040       0x60 build/stm32h7xx_it.o
 .debug_aranges
                0x000000a0       0x20 build/stm32h7xx_hal_msp.o
 .debug_aranges
                0x000000c0       0xc0 build/stm32h7xx_hal_cortex.o
 .debug_aranges
                0x00000180       0x88 build/stm32h7xx_hal_rcc.o
 .debug_aranges
                0x00000208       0x58 build/stm32h7xx_hal_gpio.o
 .debug_aranges
                0x00000260      0x158 build/stm32h7xx_hal_pwr_ex.o
 .debug_aranges
                0x000003b8      0x198 build/stm32h7xx_hal.o
 .debug_aranges
                0x00000550       0x30 build/system_stm32h7xx.o
 .debug_aranges
                0x00000580       0x28 build/startup_stm32h743xx.o

.debug_ranges   0x00000000      0x640
 .debug_ranges  0x00000000       0x30 build/main.o
 .debug_ranges  0x00000030       0x50 build/stm32h7xx_it.o
 .debug_ranges  0x00000080       0x10 build/stm32h7xx_hal_msp.o
 .debug_ranges  0x00000090      0x110 build/stm32h7xx_hal_cortex.o
 .debug_ranges  0x000001a0       0xe8 build/stm32h7xx_hal_rcc.o
 .debug_ranges  0x00000288       0x48 build/stm32h7xx_hal_gpio.o
 .debug_ranges  0x000002d0      0x1a8 build/stm32h7xx_hal_pwr_ex.o
 .debug_ranges  0x00000478      0x188 build/stm32h7xx_hal.o
 .debug_ranges  0x00000600       0x20 build/system_stm32h7xx.o
 .debug_ranges  0x00000620       0x20 build/startup_stm32h743xx.o

.debug_line     0x00000000     0x40a8
 .debug_line    0x00000000      0x454 build/main.o
 .debug_line    0x00000454      0x179 build/stm32h7xx_it.o
 .debug_line    0x000005cd      0x158 build/stm32h7xx_hal_msp.o
 .debug_line    0x00000725      0x7ae build/stm32h7xx_hal_cortex.o
 .debug_line    0x00000ed3     0x12b5 build/stm32h7xx_hal_rcc.o
 .debug_line    0x00002188      0x6c5 build/stm32h7xx_hal_gpio.o
 .debug_line    0x0000284d      0xa95 build/stm32h7xx_hal_pwr_ex.o
 .debug_line    0x000032e2      0x8c0 build/stm32h7xx_hal.o
 .debug_line    0x00003ba2      0x48f build/system_stm32h7xx.o
 .debug_line    0x00004031       0x77 build/startup_stm32h743xx.o

.debug_str      0x00000000     0x2728
 .debug_str     0x00000000      0x7e9 build/main.o
                                0x86c (size before relaxing)
 .debug_str     0x000007e9       0xb4 build/stm32h7xx_it.o
                                0x222 (size before relaxing)
 .debug_str     0x0000089d       0x29 build/stm32h7xx_hal_msp.o
                                0x3d5 (size before relaxing)
 .debug_str     0x000008c6      0xd52 build/stm32h7xx_hal_cortex.o
                               0x106a (size before relaxing)
 .debug_str     0x00001618      0x394 build/stm32h7xx_hal_rcc.o
                                0x9fd (size before relaxing)
 .debug_str     0x000019ac      0x1a2 build/stm32h7xx_hal_gpio.o
                                0x6b7 (size before relaxing)
 .debug_str     0x00001b4e      0x551 build/stm32h7xx_hal_pwr_ex.o
                                0xa33 (size before relaxing)
 .debug_str     0x0000209f      0x61b build/stm32h7xx_hal.o
                               0x1493 (size before relaxing)
 .debug_str     0x000026ba       0x4a build/system_stm32h7xx.o
                                0x758 (size before relaxing)
 .debug_str     0x00002704       0x24 build/startup_stm32h743xx.o
                                 0x4b (size before relaxing)

.debug_frame    0x00000000      0xc2c
 .debug_frame   0x00000000       0x98 build/main.o
 .debug_frame   0x00000098       0xa8 build/stm32h7xx_it.o
 .debug_frame   0x00000140       0x28 build/stm32h7xx_hal_msp.o
 .debug_frame   0x00000168      0x178 build/stm32h7xx_hal_cortex.o
 .debug_frame   0x000002e0      0x18c build/stm32h7xx_hal_rcc.o
 .debug_frame   0x0000046c       0xd4 build/stm32h7xx_hal_gpio.o
 .debug_frame   0x00000540      0x2f4 build/stm32h7xx_hal_pwr_ex.o
 .debug_frame   0x00000834      0x360 build/stm32h7xx_hal.o
 .debug_frame   0x00000b94       0x4c build/system_stm32h7xx.o
 .debug_frame   0x00000be0       0x2c d:/~arm_toolchains_sw/gcc-arm-none-eabi-10.3-2021.10/bin/../lib/gcc/arm-none-eabi/10.3.1/../../../../arm-none-eabi/lib/thumb/v7e-m+dp/hard\libc_nano.a(lib_a-init.o)
 .debug_frame   0x00000c0c       0x20 d:/~arm_toolchains_sw/gcc-arm-none-eabi-10.3-2021.10/bin/../lib/gcc/arm-none-eabi/10.3.1/../../../../arm-none-eabi/lib/thumb/v7e-m+dp/hard\libc_nano.a(lib_a-memset.o)

Cross Reference Table

Symbol                                            File
ADC3_IRQHandler                                   build/startup_stm32h743xx.o
ADC_IRQHandler                                    build/startup_stm32h743xx.o
BDMA_Channel0_IRQHandler                          build/startup_stm32h743xx.o
BDMA_Channel1_IRQHandler                          build/startup_stm32h743xx.o
BDMA_Channel2_IRQHandler                          build/startup_stm32h743xx.o
BDMA_Channel3_IRQHandler                          build/startup_stm32h743xx.o
BDMA_Channel4_IRQHandler                          build/startup_stm32h743xx.o
BDMA_Channel5_IRQHandler                          build/startup_stm32h743xx.o
BDMA_Channel6_IRQHandler                          build/startup_stm32h743xx.o
BDMA_Channel7_IRQHandler                          build/startup_stm32h743xx.o
BusFault_Handler                                  build/stm32h7xx_it.o
CEC_IRQHandler                                    build/startup_stm32h743xx.o
COMP1_IRQHandler                                  build/startup_stm32h743xx.o
CRS_IRQHandler                                    build/startup_stm32h743xx.o
D1CorePrescTable                                  build/system_stm32h7xx.o
                                                  build/stm32h7xx_hal.o
                                                  build/stm32h7xx_hal_rcc_ex.o
                                                  build/stm32h7xx_hal_rcc.o
DCMI_IRQHandler                                   build/startup_stm32h743xx.o
DFSDM1_FLT0_IRQHandler                            build/startup_stm32h743xx.o
DFSDM1_FLT1_IRQHandler                            build/startup_stm32h743xx.o
DFSDM1_FLT2_IRQHandler                            build/startup_stm32h743xx.o
DFSDM1_FLT3_IRQHandler                            build/startup_stm32h743xx.o
DMA1_Stream0_IRQHandler                           build/startup_stm32h743xx.o
DMA1_Stream1_IRQHandler                           build/startup_stm32h743xx.o
DMA1_Stream2_IRQHandler                           build/startup_stm32h743xx.o
DMA1_Stream3_IRQHandler                           build/startup_stm32h743xx.o
DMA1_Stream4_IRQHandler                           build/startup_stm32h743xx.o
DMA1_Stream5_IRQHandler                           build/startup_stm32h743xx.o
DMA1_Stream6_IRQHandler                           build/startup_stm32h743xx.o
DMA1_Stream7_IRQHandler                           build/startup_stm32h743xx.o
DMA2D_IRQHandler                                  build/startup_stm32h743xx.o
DMA2_Stream0_IRQHandler                           build/startup_stm32h743xx.o
DMA2_Stream1_IRQHandler                           build/startup_stm32h743xx.o
DMA2_Stream2_IRQHandler                           build/startup_stm32h743xx.o
DMA2_Stream3_IRQHandler                           build/startup_stm32h743xx.o
DMA2_Stream4_IRQHandler                           build/startup_stm32h743xx.o
DMA2_Stream5_IRQHandler                           build/startup_stm32h743xx.o
DMA2_Stream6_IRQHandler                           build/startup_stm32h743xx.o
DMA2_Stream7_IRQHandler                           build/startup_stm32h743xx.o
DMAMUX1_OVR_IRQHandler                            build/startup_stm32h743xx.o
DMAMUX2_OVR_IRQHandler                            build/startup_stm32h743xx.o
DebugMon_Handler                                  build/stm32h7xx_it.o
Default_Handler                                   build/startup_stm32h743xx.o
ECC_IRQHandler                                    build/startup_stm32h743xx.o
ETH_IRQHandler                                    build/startup_stm32h743xx.o
ETH_WKUP_IRQHandler                               build/startup_stm32h743xx.o
EXTI0_IRQHandler                                  build/startup_stm32h743xx.o
EXTI15_10_IRQHandler                              build/startup_stm32h743xx.o
EXTI1_IRQHandler                                  build/startup_stm32h743xx.o
EXTI2_IRQHandler                                  build/startup_stm32h743xx.o
EXTI3_IRQHandler                                  build/startup_stm32h743xx.o
EXTI4_IRQHandler                                  build/startup_stm32h743xx.o
EXTI9_5_IRQHandler                                build/startup_stm32h743xx.o
Error_Handler                                     build/main.o
ExitRun0Mode                                      build/system_stm32h7xx.o
                                                  build/startup_stm32h743xx.o
FDCAN1_IT0_IRQHandler                             build/startup_stm32h743xx.o
FDCAN1_IT1_IRQHandler                             build/startup_stm32h743xx.o
FDCAN2_IT0_IRQHandler                             build/startup_stm32h743xx.o
FDCAN2_IT1_IRQHandler                             build/startup_stm32h743xx.o
FDCAN_CAL_IRQHandler                              build/startup_stm32h743xx.o
FLASH_CRC_WaitForLastOperation                    build/stm32h7xx_hal_flash.o
                                                  build/stm32h7xx_hal_flash_ex.o
FLASH_Erase_Sector                                build/stm32h7xx_hal_flash_ex.o
                                                  build/stm32h7xx_hal_flash.o
FLASH_IRQHandler                                  build/startup_stm32h743xx.o
FLASH_OB_WaitForLastOperation                     build/stm32h7xx_hal_flash.o
                                                  build/stm32h7xx_hal_flash_ex.o
FLASH_WaitForLastOperation                        build/stm32h7xx_hal_flash.o
                                                  build/stm32h7xx_hal_flash_ex.o
FMC_IRQHandler                                    build/startup_stm32h743xx.o
FPU_IRQHandler                                    build/startup_stm32h743xx.o
HAL_DBGMCU_DisableDBGSleepMode                    build/stm32h7xx_hal.o
HAL_DBGMCU_DisableDBGStandbyMode                  build/stm32h7xx_hal.o
HAL_DBGMCU_DisableDBGStopMode                     build/stm32h7xx_hal.o
HAL_DBGMCU_EnableDBGSleepMode                     build/stm32h7xx_hal.o
HAL_DBGMCU_EnableDBGStandbyMode                   build/stm32h7xx_hal.o
HAL_DBGMCU_EnableDBGStopMode                      build/stm32h7xx_hal.o
HAL_DMAEx_ChangeMemory                            build/stm32h7xx_hal_dma_ex.o
HAL_DMAEx_ConfigMuxRequestGenerator               build/stm32h7xx_hal_dma_ex.o
HAL_DMAEx_ConfigMuxSync                           build/stm32h7xx_hal_dma_ex.o
HAL_DMAEx_DisableMuxRequestGenerator              build/stm32h7xx_hal_dma_ex.o
HAL_DMAEx_EnableMuxRequestGenerator               build/stm32h7xx_hal_dma_ex.o
HAL_DMAEx_MUX_IRQHandler                          build/stm32h7xx_hal_dma_ex.o
HAL_DMAEx_MultiBufferStart                        build/stm32h7xx_hal_dma_ex.o
HAL_DMAEx_MultiBufferStart_IT                     build/stm32h7xx_hal_dma_ex.o
HAL_DMA_Abort                                     build/stm32h7xx_hal_dma.o
HAL_DMA_Abort_IT                                  build/stm32h7xx_hal_dma.o
                                                  build/stm32h7xx_hal_i2c.o
HAL_DMA_DeInit                                    build/stm32h7xx_hal_dma.o
HAL_DMA_GetError                                  build/stm32h7xx_hal_dma.o
                                                  build/stm32h7xx_hal_i2c.o
HAL_DMA_GetState                                  build/stm32h7xx_hal_dma.o
                                                  build/stm32h7xx_hal_i2c.o
HAL_DMA_IRQHandler                                build/stm32h7xx_hal_dma.o
HAL_DMA_Init                                      build/stm32h7xx_hal_dma.o
HAL_DMA_PollForTransfer                           build/stm32h7xx_hal_dma.o
HAL_DMA_RegisterCallback                          build/stm32h7xx_hal_dma.o
HAL_DMA_Start                                     build/stm32h7xx_hal_dma.o
HAL_DMA_Start_IT                                  build/stm32h7xx_hal_dma.o
                                                  build/stm32h7xx_hal_i2c.o
HAL_DMA_UnRegisterCallback                        build/stm32h7xx_hal_dma.o
HAL_DeInit                                        build/stm32h7xx_hal.o
HAL_Delay                                         build/stm32h7xx_hal.o
                                                  build/main.o
HAL_DisableCompensationCell                       build/stm32h7xx_hal.o
HAL_EXTI_ClearConfigLine                          build/stm32h7xx_hal_exti.o
HAL_EXTI_ClearPending                             build/stm32h7xx_hal_exti.o
HAL_EXTI_D1_ClearFlag                             build/stm32h7xx_hal.o
HAL_EXTI_D1_EventInputConfig                      build/stm32h7xx_hal.o
HAL_EXTI_D3_EventInputConfig                      build/stm32h7xx_hal.o
HAL_EXTI_EdgeConfig                               build/stm32h7xx_hal.o
HAL_EXTI_GenerateSWI                              build/stm32h7xx_hal_exti.o
HAL_EXTI_GenerateSWInterrupt                      build/stm32h7xx_hal.o
HAL_EXTI_GetConfigLine                            build/stm32h7xx_hal_exti.o
HAL_EXTI_GetHandle                                build/stm32h7xx_hal_exti.o
HAL_EXTI_GetPending                               build/stm32h7xx_hal_exti.o
HAL_EXTI_IRQHandler                               build/stm32h7xx_hal_exti.o
HAL_EXTI_RegisterCallback                         build/stm32h7xx_hal_exti.o
HAL_EXTI_SetConfigLine                            build/stm32h7xx_hal_exti.o
HAL_EnableCompensationCell                        build/stm32h7xx_hal.o
HAL_FLASHEx_ComputeCRC                            build/stm32h7xx_hal_flash_ex.o
HAL_FLASHEx_Erase                                 build/stm32h7xx_hal_flash_ex.o
HAL_FLASHEx_Erase_IT                              build/stm32h7xx_hal_flash_ex.o
HAL_FLASHEx_Lock_Bank1                            build/stm32h7xx_hal_flash_ex.o
HAL_FLASHEx_Lock_Bank2                            build/stm32h7xx_hal_flash_ex.o
HAL_FLASHEx_OBGetConfig                           build/stm32h7xx_hal_flash_ex.o
HAL_FLASHEx_OBProgram                             build/stm32h7xx_hal_flash_ex.o
HAL_FLASHEx_Unlock_Bank1                          build/stm32h7xx_hal_flash_ex.o
HAL_FLASHEx_Unlock_Bank2                          build/stm32h7xx_hal_flash_ex.o
HAL_FLASH_EndOfOperationCallback                  build/stm32h7xx_hal_flash.o
HAL_FLASH_GetError                                build/stm32h7xx_hal_flash.o
HAL_FLASH_IRQHandler                              build/stm32h7xx_hal_flash.o
HAL_FLASH_Lock                                    build/stm32h7xx_hal_flash.o
HAL_FLASH_OB_Launch                               build/stm32h7xx_hal_flash.o
HAL_FLASH_OB_Lock                                 build/stm32h7xx_hal_flash.o
HAL_FLASH_OB_Unlock                               build/stm32h7xx_hal_flash.o
HAL_FLASH_OperationErrorCallback                  build/stm32h7xx_hal_flash.o
HAL_FLASH_Program                                 build/stm32h7xx_hal_flash.o
HAL_FLASH_Program_IT                              build/stm32h7xx_hal_flash.o
HAL_FLASH_Unlock                                  build/stm32h7xx_hal_flash.o
HAL_GPIO_DeInit                                   build/stm32h7xx_hal_gpio.o
HAL_GPIO_EXTI_Callback                            build/stm32h7xx_hal_gpio.o
HAL_GPIO_EXTI_IRQHandler                          build/stm32h7xx_hal_gpio.o
HAL_GPIO_Init                                     build/stm32h7xx_hal_gpio.o
                                                  build/stm32h7xx_hal_rcc.o
                                                  build/main.o
HAL_GPIO_LockPin                                  build/stm32h7xx_hal_gpio.o
HAL_GPIO_ReadPin                                  build/stm32h7xx_hal_gpio.o
HAL_GPIO_TogglePin                                build/stm32h7xx_hal_gpio.o
                                                  build/main.o
HAL_GPIO_WritePin                                 build/stm32h7xx_hal_gpio.o
                                                  build/main.o
HAL_GetCurrentCPUID                               build/stm32h7xx_hal_cortex.o
HAL_GetDEVID                                      build/stm32h7xx_hal.o
HAL_GetFMCMemorySwappingConfig                    build/stm32h7xx_hal.o
HAL_GetHalVersion                                 build/stm32h7xx_hal.o
HAL_GetREVID                                      build/stm32h7xx_hal.o
                                                  build/stm32h7xx_hal_rcc_ex.o
                                                  build/stm32h7xx_hal_rcc.o
HAL_GetTick                                       build/stm32h7xx_hal.o
                                                  build/stm32h7xx_hal_i2c.o
                                                  build/stm32h7xx_hal_pwr_ex.o
                                                  build/stm32h7xx_hal_mdma.o
                                                  build/stm32h7xx_hal_dma.o
                                                  build/stm32h7xx_hal_flash.o
                                                  build/stm32h7xx_hal_rcc_ex.o
                                                  build/stm32h7xx_hal_rcc.o
HAL_GetTickFreq                                   build/stm32h7xx_hal.o
HAL_GetTickPrio                                   build/stm32h7xx_hal.o
HAL_GetUIDw0                                      build/stm32h7xx_hal.o
HAL_GetUIDw1                                      build/stm32h7xx_hal.o
HAL_GetUIDw2                                      build/stm32h7xx_hal.o
HAL_HSEM_ActivateNotification                     build/stm32h7xx_hal_hsem.o
HAL_HSEM_DeactivateNotification                   build/stm32h7xx_hal_hsem.o
HAL_HSEM_FastTake                                 build/stm32h7xx_hal_hsem.o
HAL_HSEM_FreeCallback                             build/stm32h7xx_hal_hsem.o
HAL_HSEM_GetClearKey                              build/stm32h7xx_hal_hsem.o
HAL_HSEM_IRQHandler                               build/stm32h7xx_hal_hsem.o
HAL_HSEM_IsSemTaken                               build/stm32h7xx_hal_hsem.o
HAL_HSEM_Release                                  build/stm32h7xx_hal_hsem.o
HAL_HSEM_ReleaseAll                               build/stm32h7xx_hal_hsem.o
HAL_HSEM_SetClearKey                              build/stm32h7xx_hal_hsem.o
HAL_HSEM_Take                                     build/stm32h7xx_hal_hsem.o
HAL_I2CEx_ConfigAnalogFilter                      build/stm32h7xx_hal_i2c_ex.o
HAL_I2CEx_ConfigDigitalFilter                     build/stm32h7xx_hal_i2c_ex.o
HAL_I2CEx_DisableFastModePlus                     build/stm32h7xx_hal_i2c_ex.o
HAL_I2CEx_DisableWakeUp                           build/stm32h7xx_hal_i2c_ex.o
HAL_I2CEx_EnableFastModePlus                      build/stm32h7xx_hal_i2c_ex.o
HAL_I2CEx_EnableWakeUp                            build/stm32h7xx_hal_i2c_ex.o
HAL_I2C_AbortCpltCallback                         build/stm32h7xx_hal_i2c.o
HAL_I2C_AddrCallback                              build/stm32h7xx_hal_i2c.o
HAL_I2C_DeInit                                    build/stm32h7xx_hal_i2c.o
HAL_I2C_DisableListen_IT                          build/stm32h7xx_hal_i2c.o
HAL_I2C_ER_IRQHandler                             build/stm32h7xx_hal_i2c.o
HAL_I2C_EV_IRQHandler                             build/stm32h7xx_hal_i2c.o
HAL_I2C_EnableListen_IT                           build/stm32h7xx_hal_i2c.o
HAL_I2C_ErrorCallback                             build/stm32h7xx_hal_i2c.o
HAL_I2C_GetError                                  build/stm32h7xx_hal_i2c.o
HAL_I2C_GetMode                                   build/stm32h7xx_hal_i2c.o
HAL_I2C_GetState                                  build/stm32h7xx_hal_i2c.o
HAL_I2C_Init                                      build/stm32h7xx_hal_i2c.o
HAL_I2C_IsDeviceReady                             build/stm32h7xx_hal_i2c.o
HAL_I2C_ListenCpltCallback                        build/stm32h7xx_hal_i2c.o
HAL_I2C_MasterRxCpltCallback                      build/stm32h7xx_hal_i2c.o
HAL_I2C_MasterTxCpltCallback                      build/stm32h7xx_hal_i2c.o
HAL_I2C_Master_Abort_IT                           build/stm32h7xx_hal_i2c.o
HAL_I2C_Master_Receive                            build/stm32h7xx_hal_i2c.o
HAL_I2C_Master_Receive_DMA                        build/stm32h7xx_hal_i2c.o
HAL_I2C_Master_Receive_IT                         build/stm32h7xx_hal_i2c.o
HAL_I2C_Master_Seq_Receive_DMA                    build/stm32h7xx_hal_i2c.o
HAL_I2C_Master_Seq_Receive_IT                     build/stm32h7xx_hal_i2c.o
HAL_I2C_Master_Seq_Transmit_DMA                   build/stm32h7xx_hal_i2c.o
HAL_I2C_Master_Seq_Transmit_IT                    build/stm32h7xx_hal_i2c.o
HAL_I2C_Master_Transmit                           build/stm32h7xx_hal_i2c.o
HAL_I2C_Master_Transmit_DMA                       build/stm32h7xx_hal_i2c.o
HAL_I2C_Master_Transmit_IT                        build/stm32h7xx_hal_i2c.o
HAL_I2C_MemRxCpltCallback                         build/stm32h7xx_hal_i2c.o
HAL_I2C_MemTxCpltCallback                         build/stm32h7xx_hal_i2c.o
HAL_I2C_Mem_Read                                  build/stm32h7xx_hal_i2c.o
HAL_I2C_Mem_Read_DMA                              build/stm32h7xx_hal_i2c.o
HAL_I2C_Mem_Read_IT                               build/stm32h7xx_hal_i2c.o
HAL_I2C_Mem_Write                                 build/stm32h7xx_hal_i2c.o
HAL_I2C_Mem_Write_DMA                             build/stm32h7xx_hal_i2c.o
HAL_I2C_Mem_Write_IT                              build/stm32h7xx_hal_i2c.o
HAL_I2C_MspDeInit                                 build/stm32h7xx_hal_i2c.o
HAL_I2C_MspInit                                   build/stm32h7xx_hal_i2c.o
HAL_I2C_SlaveRxCpltCallback                       build/stm32h7xx_hal_i2c.o
HAL_I2C_SlaveTxCpltCallback                       build/stm32h7xx_hal_i2c.o
HAL_I2C_Slave_Receive                             build/stm32h7xx_hal_i2c.o
HAL_I2C_Slave_Receive_DMA                         build/stm32h7xx_hal_i2c.o
HAL_I2C_Slave_Receive_IT                          build/stm32h7xx_hal_i2c.o
HAL_I2C_Slave_Seq_Receive_DMA                     build/stm32h7xx_hal_i2c.o
HAL_I2C_Slave_Seq_Receive_IT                      build/stm32h7xx_hal_i2c.o
HAL_I2C_Slave_Seq_Transmit_DMA                    build/stm32h7xx_hal_i2c.o
HAL_I2C_Slave_Seq_Transmit_IT                     build/stm32h7xx_hal_i2c.o
HAL_I2C_Slave_Transmit                            build/stm32h7xx_hal_i2c.o
HAL_I2C_Slave_Transmit_DMA                        build/stm32h7xx_hal_i2c.o
HAL_I2C_Slave_Transmit_IT                         build/stm32h7xx_hal_i2c.o
HAL_IncTick                                       build/stm32h7xx_hal.o
                                                  build/stm32h7xx_it.o
HAL_Init                                          build/stm32h7xx_hal.o
                                                  build/main.o
HAL_InitTick                                      build/stm32h7xx_hal.o
                                                  build/stm32h7xx_hal_rcc.o
HAL_MDMA_Abort                                    build/stm32h7xx_hal_mdma.o
HAL_MDMA_Abort_IT                                 build/stm32h7xx_hal_mdma.o
HAL_MDMA_ConfigPostRequestMask                    build/stm32h7xx_hal_mdma.o
HAL_MDMA_DeInit                                   build/stm32h7xx_hal_mdma.o
HAL_MDMA_GenerateSWRequest                        build/stm32h7xx_hal_mdma.o
HAL_MDMA_GetError                                 build/stm32h7xx_hal_mdma.o
HAL_MDMA_GetState                                 build/stm32h7xx_hal_mdma.o
HAL_MDMA_IRQHandler                               build/stm32h7xx_hal_mdma.o
HAL_MDMA_Init                                     build/stm32h7xx_hal_mdma.o
HAL_MDMA_LinkedList_AddNode                       build/stm32h7xx_hal_mdma.o
HAL_MDMA_LinkedList_CreateNode                    build/stm32h7xx_hal_mdma.o
HAL_MDMA_LinkedList_DisableCircularMode           build/stm32h7xx_hal_mdma.o
HAL_MDMA_LinkedList_EnableCircularMode            build/stm32h7xx_hal_mdma.o
HAL_MDMA_LinkedList_RemoveNode                    build/stm32h7xx_hal_mdma.o
HAL_MDMA_PollForTransfer                          build/stm32h7xx_hal_mdma.o
HAL_MDMA_RegisterCallback                         build/stm32h7xx_hal_mdma.o
HAL_MDMA_Start                                    build/stm32h7xx_hal_mdma.o
HAL_MDMA_Start_IT                                 build/stm32h7xx_hal_mdma.o
HAL_MDMA_UnRegisterCallback                       build/stm32h7xx_hal_mdma.o
HAL_MPU_ConfigRegion                              build/stm32h7xx_hal_cortex.o
                                                  build/main.o
HAL_MPU_Disable                                   build/stm32h7xx_hal_cortex.o
                                                  build/main.o
HAL_MPU_DisableRegion                             build/stm32h7xx_hal_cortex.o
HAL_MPU_Enable                                    build/stm32h7xx_hal_cortex.o
                                                  build/main.o
HAL_MPU_EnableRegion                              build/stm32h7xx_hal_cortex.o
HAL_MspDeInit                                     build/stm32h7xx_hal.o
HAL_MspInit                                       build/stm32h7xx_hal_msp.o
HAL_NVIC_ClearPendingIRQ                          build/stm32h7xx_hal_cortex.o
HAL_NVIC_DisableIRQ                               build/stm32h7xx_hal_cortex.o
HAL_NVIC_EnableIRQ                                build/stm32h7xx_hal_cortex.o
HAL_NVIC_GetActive                                build/stm32h7xx_hal_cortex.o
HAL_NVIC_GetPendingIRQ                            build/stm32h7xx_hal_cortex.o
HAL_NVIC_GetPriority                              build/stm32h7xx_hal_cortex.o
HAL_NVIC_GetPriorityGrouping                      build/stm32h7xx_hal_cortex.o
HAL_NVIC_SetPendingIRQ                            build/stm32h7xx_hal_cortex.o
HAL_NVIC_SetPriority                              build/stm32h7xx_hal_cortex.o
                                                  build/stm32h7xx_hal.o
HAL_NVIC_SetPriorityGrouping                      build/stm32h7xx_hal_cortex.o
                                                  build/stm32h7xx_hal.o
HAL_NVIC_SystemReset                              build/stm32h7xx_hal_cortex.o
HAL_PWREx_AVDCallback                             build/stm32h7xx_hal_pwr_ex.o
HAL_PWREx_ClearPendingEvent                       build/stm32h7xx_hal_pwr_ex.o
HAL_PWREx_ClearWakeupFlag                         build/stm32h7xx_hal_pwr_ex.o
HAL_PWREx_ConfigAVD                               build/stm32h7xx_hal_pwr_ex.o
HAL_PWREx_ConfigD3Domain                          build/stm32h7xx_hal_pwr_ex.o
HAL_PWREx_ConfigSupply                            build/stm32h7xx_hal_pwr_ex.o
                                                  build/main.o
HAL_PWREx_ControlStopModeVoltageScaling           build/stm32h7xx_hal_pwr_ex.o
HAL_PWREx_ControlVoltageScaling                   build/stm32h7xx_hal_pwr_ex.o
HAL_PWREx_DisableAVD                              build/stm32h7xx_hal_pwr_ex.o
HAL_PWREx_DisableBatteryCharging                  build/stm32h7xx_hal_pwr_ex.o
HAL_PWREx_DisableBkUpReg                          build/stm32h7xx_hal_pwr_ex.o
HAL_PWREx_DisableFlashPowerDown                   build/stm32h7xx_hal_pwr_ex.o
HAL_PWREx_DisableMonitoring                       build/stm32h7xx_hal_pwr_ex.o
HAL_PWREx_DisableUSBReg                           build/stm32h7xx_hal_pwr_ex.o
HAL_PWREx_DisableUSBVoltageDetector               build/stm32h7xx_hal_pwr_ex.o
HAL_PWREx_DisableWakeUpPin                        build/stm32h7xx_hal_pwr_ex.o
HAL_PWREx_EnableAVD                               build/stm32h7xx_hal_pwr_ex.o
HAL_PWREx_EnableBatteryCharging                   build/stm32h7xx_hal_pwr_ex.o
HAL_PWREx_EnableBkUpReg                           build/stm32h7xx_hal_pwr_ex.o
HAL_PWREx_EnableFlashPowerDown                    build/stm32h7xx_hal_pwr_ex.o
HAL_PWREx_EnableMonitoring                        build/stm32h7xx_hal_pwr_ex.o
HAL_PWREx_EnableUSBReg                            build/stm32h7xx_hal_pwr_ex.o
HAL_PWREx_EnableUSBVoltageDetector                build/stm32h7xx_hal_pwr_ex.o
HAL_PWREx_EnableWakeUpPin                         build/stm32h7xx_hal_pwr_ex.o
HAL_PWREx_EnterSTANDBYMode                        build/stm32h7xx_hal_pwr_ex.o
HAL_PWREx_EnterSTOPMode                           build/stm32h7xx_hal_pwr_ex.o
HAL_PWREx_GetStopModeVoltageRange                 build/stm32h7xx_hal_pwr_ex.o
HAL_PWREx_GetSupplyConfig                         build/stm32h7xx_hal_pwr_ex.o
HAL_PWREx_GetTemperatureLevel                     build/stm32h7xx_hal_pwr_ex.o
HAL_PWREx_GetVBATLevel                            build/stm32h7xx_hal_pwr_ex.o
HAL_PWREx_GetVoltageRange                         build/stm32h7xx_hal_pwr_ex.o
HAL_PWREx_GetWakeupFlag                           build/stm32h7xx_hal_pwr_ex.o
HAL_PWREx_PVD_AVD_IRQHandler                      build/stm32h7xx_hal_pwr_ex.o
HAL_PWREx_WAKEUP_PIN_IRQHandler                   build/stm32h7xx_hal_pwr_ex.o
HAL_PWREx_WKUP1_Callback                          build/stm32h7xx_hal_pwr_ex.o
HAL_PWREx_WKUP2_Callback                          build/stm32h7xx_hal_pwr_ex.o
HAL_PWREx_WKUP3_Callback                          build/stm32h7xx_hal_pwr_ex.o
HAL_PWREx_WKUP4_Callback                          build/stm32h7xx_hal_pwr_ex.o
HAL_PWREx_WKUP5_Callback                          build/stm32h7xx_hal_pwr_ex.o
HAL_PWREx_WKUP6_Callback                          build/stm32h7xx_hal_pwr_ex.o
HAL_PWR_ConfigPVD                                 build/stm32h7xx_hal_pwr.o
HAL_PWR_DeInit                                    build/stm32h7xx_hal_pwr.o
HAL_PWR_DisableBkUpAccess                         build/stm32h7xx_hal_pwr.o
HAL_PWR_DisablePVD                                build/stm32h7xx_hal_pwr.o
HAL_PWR_DisableSEVOnPend                          build/stm32h7xx_hal_pwr.o
HAL_PWR_DisableSleepOnExit                        build/stm32h7xx_hal_pwr.o
HAL_PWR_DisableWakeUpPin                          build/stm32h7xx_hal_pwr.o
HAL_PWR_EnableBkUpAccess                          build/stm32h7xx_hal_pwr.o
HAL_PWR_EnablePVD                                 build/stm32h7xx_hal_pwr.o
HAL_PWR_EnableSEVOnPend                           build/stm32h7xx_hal_pwr.o
HAL_PWR_EnableSleepOnExit                         build/stm32h7xx_hal_pwr.o
HAL_PWR_EnableWakeUpPin                           build/stm32h7xx_hal_pwr.o
HAL_PWR_EnterSLEEPMode                            build/stm32h7xx_hal_pwr.o
HAL_PWR_EnterSTANDBYMode                          build/stm32h7xx_hal_pwr.o
HAL_PWR_EnterSTOPMode                             build/stm32h7xx_hal_pwr.o
HAL_PWR_PVDCallback                               build/stm32h7xx_hal_pwr.o
                                                  build/stm32h7xx_hal_pwr_ex.o
HAL_PWR_PVD_IRQHandler                            build/stm32h7xx_hal_pwr.o
HAL_RCCEx_CRSConfig                               build/stm32h7xx_hal_rcc_ex.o
HAL_RCCEx_CRSGetSynchronizationInfo               build/stm32h7xx_hal_rcc_ex.o
HAL_RCCEx_CRSSoftwareSynchronizationGenerate      build/stm32h7xx_hal_rcc_ex.o
HAL_RCCEx_CRSWaitSynchronization                  build/stm32h7xx_hal_rcc_ex.o
HAL_RCCEx_CRS_ErrorCallback                       build/stm32h7xx_hal_rcc_ex.o
HAL_RCCEx_CRS_ExpectedSyncCallback                build/stm32h7xx_hal_rcc_ex.o
HAL_RCCEx_CRS_IRQHandler                          build/stm32h7xx_hal_rcc_ex.o
HAL_RCCEx_CRS_SyncOkCallback                      build/stm32h7xx_hal_rcc_ex.o
HAL_RCCEx_CRS_SyncWarnCallback                    build/stm32h7xx_hal_rcc_ex.o
HAL_RCCEx_DisableLSECSS                           build/stm32h7xx_hal_rcc_ex.o
HAL_RCCEx_EnableLSECSS                            build/stm32h7xx_hal_rcc_ex.o
HAL_RCCEx_EnableLSECSS_IT                         build/stm32h7xx_hal_rcc_ex.o
HAL_RCCEx_GetD1PCLK1Freq                          build/stm32h7xx_hal_rcc_ex.o
HAL_RCCEx_GetD1SysClockFreq                       build/stm32h7xx_hal_rcc_ex.o
HAL_RCCEx_GetD3PCLK1Freq                          build/stm32h7xx_hal_rcc_ex.o
HAL_RCCEx_GetPLL1ClockFreq                        build/stm32h7xx_hal_rcc_ex.o
HAL_RCCEx_GetPLL2ClockFreq                        build/stm32h7xx_hal_rcc_ex.o
HAL_RCCEx_GetPLL3ClockFreq                        build/stm32h7xx_hal_rcc_ex.o
HAL_RCCEx_GetPeriphCLKConfig                      build/stm32h7xx_hal_rcc_ex.o
HAL_RCCEx_GetPeriphCLKFreq                        build/stm32h7xx_hal_rcc_ex.o
HAL_RCCEx_KerWakeUpStopCLKConfig                  build/stm32h7xx_hal_rcc_ex.o
HAL_RCCEx_LSECSS_Callback                         build/stm32h7xx_hal_rcc_ex.o
HAL_RCCEx_LSECSS_IRQHandler                       build/stm32h7xx_hal_rcc_ex.o
HAL_RCCEx_PeriphCLKConfig                         build/stm32h7xx_hal_rcc_ex.o
HAL_RCCEx_WWDGxSysResetConfig                     build/stm32h7xx_hal_rcc_ex.o
HAL_RCCEx_WakeUpStopCLKConfig                     build/stm32h7xx_hal_rcc_ex.o
HAL_RCC_CSSCallback                               build/stm32h7xx_hal_rcc.o
HAL_RCC_ClockConfig                               build/stm32h7xx_hal_rcc.o
                                                  build/main.o
HAL_RCC_DeInit                                    build/stm32h7xx_hal_rcc.o
HAL_RCC_DisableCSS                                build/stm32h7xx_hal_rcc.o
HAL_RCC_EnableCSS                                 build/stm32h7xx_hal_rcc.o
HAL_RCC_GetClockConfig                            build/stm32h7xx_hal_rcc.o
HAL_RCC_GetHCLKFreq                               build/stm32h7xx_hal_rcc.o
                                                  build/stm32h7xx_hal_rcc_ex.o
HAL_RCC_GetOscConfig                              build/stm32h7xx_hal_rcc.o
HAL_RCC_GetPCLK1Freq                              build/stm32h7xx_hal_rcc.o
                                                  build/stm32h7xx_hal_rcc_ex.o
HAL_RCC_GetPCLK2Freq                              build/stm32h7xx_hal_rcc.o
HAL_RCC_GetSysClockFreq                           build/stm32h7xx_hal_rcc.o
                                                  build/stm32h7xx_hal.o
                                                  build/stm32h7xx_hal_rcc_ex.o
HAL_RCC_MCOConfig                                 build/stm32h7xx_hal_rcc.o
HAL_RCC_NMI_IRQHandler                            build/stm32h7xx_hal_rcc.o
HAL_RCC_OscConfig                                 build/stm32h7xx_hal_rcc.o
                                                  build/main.o
HAL_ResumeTick                                    build/stm32h7xx_hal.o
HAL_SYSCFG_AnalogSwitchConfig                     build/stm32h7xx_hal.o
HAL_SYSCFG_CM7BootAddConfig                       build/stm32h7xx_hal.o
HAL_SYSCFG_CompensationCodeConfig                 build/stm32h7xx_hal.o
HAL_SYSCFG_CompensationCodeSelect                 build/stm32h7xx_hal.o
HAL_SYSCFG_DisableBOOST                           build/stm32h7xx_hal.o
HAL_SYSCFG_DisableIOSpeedOptimize                 build/stm32h7xx_hal.o
HAL_SYSCFG_DisableVREFBUF                         build/stm32h7xx_hal.o
HAL_SYSCFG_ETHInterfaceSelect                     build/stm32h7xx_hal.o
HAL_SYSCFG_EnableBOOST                            build/stm32h7xx_hal.o
HAL_SYSCFG_EnableIOSpeedOptimize                  build/stm32h7xx_hal.o
HAL_SYSCFG_EnableVREFBUF                          build/stm32h7xx_hal.o
HAL_SYSCFG_VREFBUF_HighImpedanceConfig            build/stm32h7xx_hal.o
HAL_SYSCFG_VREFBUF_TrimmingConfig                 build/stm32h7xx_hal.o
HAL_SYSCFG_VREFBUF_VoltageScalingConfig           build/stm32h7xx_hal.o
HAL_SYSTICK_CLKSourceConfig                       build/stm32h7xx_hal_cortex.o
HAL_SYSTICK_Callback                              build/stm32h7xx_hal_cortex.o
HAL_SYSTICK_Config                                build/stm32h7xx_hal_cortex.o
                                                  build/stm32h7xx_hal.o
HAL_SYSTICK_IRQHandler                            build/stm32h7xx_hal_cortex.o
HAL_SetFMCMemorySwappingConfig                    build/stm32h7xx_hal.o
HAL_SetTickFreq                                   build/stm32h7xx_hal.o
HAL_SuspendTick                                   build/stm32h7xx_hal.o
HRTIM1_FLT_IRQHandler                             build/startup_stm32h743xx.o
HRTIM1_Master_IRQHandler                          build/startup_stm32h743xx.o
HRTIM1_TIMA_IRQHandler                            build/startup_stm32h743xx.o
HRTIM1_TIMB_IRQHandler                            build/startup_stm32h743xx.o
HRTIM1_TIMC_IRQHandler                            build/startup_stm32h743xx.o
HRTIM1_TIMD_IRQHandler                            build/startup_stm32h743xx.o
HRTIM1_TIME_IRQHandler                            build/startup_stm32h743xx.o
HSEM1_IRQHandler                                  build/startup_stm32h743xx.o
HardFault_Handler                                 build/stm32h7xx_it.o
I2C1_ER_IRQHandler                                build/startup_stm32h743xx.o
I2C1_EV_IRQHandler                                build/startup_stm32h743xx.o
I2C2_ER_IRQHandler                                build/startup_stm32h743xx.o
I2C2_EV_IRQHandler                                build/startup_stm32h743xx.o
I2C3_ER_IRQHandler                                build/startup_stm32h743xx.o
I2C3_EV_IRQHandler                                build/startup_stm32h743xx.o
I2C4_ER_IRQHandler                                build/startup_stm32h743xx.o
I2C4_EV_IRQHandler                                build/startup_stm32h743xx.o
JPEG_IRQHandler                                   build/startup_stm32h743xx.o
LPTIM1_IRQHandler                                 build/startup_stm32h743xx.o
LPTIM2_IRQHandler                                 build/startup_stm32h743xx.o
LPTIM3_IRQHandler                                 build/startup_stm32h743xx.o
LPTIM4_IRQHandler                                 build/startup_stm32h743xx.o
LPTIM5_IRQHandler                                 build/startup_stm32h743xx.o
LPUART1_IRQHandler                                build/startup_stm32h743xx.o
LTDC_ER_IRQHandler                                build/startup_stm32h743xx.o
LTDC_IRQHandler                                   build/startup_stm32h743xx.o
MDIOS_IRQHandler                                  build/startup_stm32h743xx.o
MDIOS_WKUP_IRQHandler                             build/startup_stm32h743xx.o
MDMA_IRQHandler                                   build/startup_stm32h743xx.o
MemManage_Handler                                 build/stm32h7xx_it.o
NMI_Handler                                       build/stm32h7xx_it.o
OTG_FS_EP1_IN_IRQHandler                          build/startup_stm32h743xx.o
OTG_FS_EP1_OUT_IRQHandler                         build/startup_stm32h743xx.o
OTG_FS_IRQHandler                                 build/startup_stm32h743xx.o
OTG_FS_WKUP_IRQHandler                            build/startup_stm32h743xx.o
OTG_HS_EP1_IN_IRQHandler                          build/startup_stm32h743xx.o
OTG_HS_EP1_OUT_IRQHandler                         build/startup_stm32h743xx.o
OTG_HS_IRQHandler                                 build/startup_stm32h743xx.o
OTG_HS_WKUP_IRQHandler                            build/startup_stm32h743xx.o
PVD_AVD_IRQHandler                                build/startup_stm32h743xx.o
PendSV_Handler                                    build/stm32h7xx_it.o
QUADSPI_IRQHandler                                build/startup_stm32h743xx.o
RCC_IRQHandler                                    build/startup_stm32h743xx.o
RNG_IRQHandler                                    build/startup_stm32h743xx.o
RTC_Alarm_IRQHandler                              build/startup_stm32h743xx.o
RTC_WKUP_IRQHandler                               build/startup_stm32h743xx.o
Reset_Handler                                     build/startup_stm32h743xx.o
SAI1_IRQHandler                                   build/startup_stm32h743xx.o
SAI2_IRQHandler                                   build/startup_stm32h743xx.o
SAI3_IRQHandler                                   build/startup_stm32h743xx.o
SAI4_IRQHandler                                   build/startup_stm32h743xx.o
SDMMC1_IRQHandler                                 build/startup_stm32h743xx.o
SDMMC2_IRQHandler                                 build/startup_stm32h743xx.o
SPDIF_RX_IRQHandler                               build/startup_stm32h743xx.o
SPI1_IRQHandler                                   build/startup_stm32h743xx.o
SPI2_IRQHandler                                   build/startup_stm32h743xx.o
SPI3_IRQHandler                                   build/startup_stm32h743xx.o
SPI4_IRQHandler                                   build/startup_stm32h743xx.o
SPI5_IRQHandler                                   build/startup_stm32h743xx.o
SPI6_IRQHandler                                   build/startup_stm32h743xx.o
SVC_Handler                                       build/stm32h7xx_it.o
SWPMI1_IRQHandler                                 build/startup_stm32h743xx.o
SysTick_Handler                                   build/stm32h7xx_it.o
SystemClock_Config                                build/main.o
SystemCoreClock                                   build/system_stm32h7xx.o
                                                  build/stm32h7xx_hal.o
                                                  build/stm32h7xx_hal_mdma.o
                                                  build/stm32h7xx_hal_dma.o
                                                  build/stm32h7xx_hal_rcc_ex.o
                                                  build/stm32h7xx_hal_rcc.o
SystemCoreClockUpdate                             build/system_stm32h7xx.o
SystemD2Clock                                     build/system_stm32h7xx.o
                                                  build/stm32h7xx_hal.o
                                                  build/stm32h7xx_hal_rcc_ex.o
                                                  build/stm32h7xx_hal_rcc.o
SystemInit                                        build/system_stm32h7xx.o
                                                  build/startup_stm32h743xx.o
TAMP_STAMP_IRQHandler                             build/startup_stm32h743xx.o
TIM15_IRQHandler                                  build/startup_stm32h743xx.o
TIM16_IRQHandler                                  build/startup_stm32h743xx.o
TIM17_IRQHandler                                  build/startup_stm32h743xx.o
TIM1_BRK_IRQHandler                               build/startup_stm32h743xx.o
TIM1_CC_IRQHandler                                build/startup_stm32h743xx.o
TIM1_TRG_COM_IRQHandler                           build/startup_stm32h743xx.o
TIM1_UP_IRQHandler                                build/startup_stm32h743xx.o
TIM2_IRQHandler                                   build/startup_stm32h743xx.o
TIM3_IRQHandler                                   build/startup_stm32h743xx.o
TIM4_IRQHandler                                   build/startup_stm32h743xx.o
TIM5_IRQHandler                                   build/startup_stm32h743xx.o
TIM6_DAC_IRQHandler                               build/startup_stm32h743xx.o
TIM7_IRQHandler                                   build/startup_stm32h743xx.o
TIM8_BRK_TIM12_IRQHandler                         build/startup_stm32h743xx.o
TIM8_CC_IRQHandler                                build/startup_stm32h743xx.o
TIM8_TRG_COM_TIM14_IRQHandler                     build/startup_stm32h743xx.o
TIM8_UP_TIM13_IRQHandler                          build/startup_stm32h743xx.o
UART4_IRQHandler                                  build/startup_stm32h743xx.o
UART5_IRQHandler                                  build/startup_stm32h743xx.o
UART7_IRQHandler                                  build/startup_stm32h743xx.o
UART8_IRQHandler                                  build/startup_stm32h743xx.o
USART1_IRQHandler                                 build/startup_stm32h743xx.o
USART2_IRQHandler                                 build/startup_stm32h743xx.o
USART3_IRQHandler                                 build/startup_stm32h743xx.o
USART6_IRQHandler                                 build/startup_stm32h743xx.o
UsageFault_Handler                                build/stm32h7xx_it.o
WAKEUP_PIN_IRQHandler                             build/startup_stm32h743xx.o
WWDG_IRQHandler                                   build/startup_stm32h743xx.o
_Min_Stack_Size                                   build/sysmem.o
__bss_end__                                       d:/~arm_toolchains_sw/gcc-arm-none-eabi-10.3-2021.10/bin/../lib/gcc/arm-none-eabi/10.3.1/../../../../arm-none-eabi/lib/thumb/v7e-m+dp/hard/crt0.o
__bss_start__                                     d:/~arm_toolchains_sw/gcc-arm-none-eabi-10.3-2021.10/bin/../lib/gcc/arm-none-eabi/10.3.1/../../../../arm-none-eabi/lib/thumb/v7e-m+dp/hard/crt0.o
__call_exitprocs                                  d:/~arm_toolchains_sw/gcc-arm-none-eabi-10.3-2021.10/bin/../lib/gcc/arm-none-eabi/10.3.1/../../../../arm-none-eabi/lib/thumb/v7e-m+dp/hard\libc_nano.a(lib_a-exit.o)
__deregister_frame_info                           d:/~arm_toolchains_sw/gcc-arm-none-eabi-10.3-2021.10/bin/../lib/gcc/arm-none-eabi/10.3.1/thumb/v7e-m+dp/hard/crtbegin.o
__dso_handle                                      d:/~arm_toolchains_sw/gcc-arm-none-eabi-10.3-2021.10/bin/../lib/gcc/arm-none-eabi/10.3.1/thumb/v7e-m+dp/hard/crtbegin.o
__env                                             build/syscalls.o
__errno                                           d:/~arm_toolchains_sw/gcc-arm-none-eabi-10.3-2021.10/bin/../lib/gcc/arm-none-eabi/10.3.1/../../../../arm-none-eabi/lib/thumb/v7e-m+dp/hard\libc_nano.a(lib_a-errno.o)
                                                  build/syscalls.o
                                                  build/sysmem.o
__init_array_end                                  d:/~arm_toolchains_sw/gcc-arm-none-eabi-10.3-2021.10/bin/../lib/gcc/arm-none-eabi/10.3.1/../../../../arm-none-eabi/lib/thumb/v7e-m+dp/hard\libc_nano.a(lib_a-init.o)
__init_array_start                                d:/~arm_toolchains_sw/gcc-arm-none-eabi-10.3-2021.10/bin/../lib/gcc/arm-none-eabi/10.3.1/../../../../arm-none-eabi/lib/thumb/v7e-m+dp/hard\libc_nano.a(lib_a-init.o)
__io_getchar                                      build/syscalls.o
__io_putchar                                      build/syscalls.o
__libc_fini_array                                 d:/~arm_toolchains_sw/gcc-arm-none-eabi-10.3-2021.10/bin/../lib/gcc/arm-none-eabi/10.3.1/../../../../arm-none-eabi/lib/thumb/v7e-m+dp/hard/crt0.o
__libc_init_array                                 d:/~arm_toolchains_sw/gcc-arm-none-eabi-10.3-2021.10/bin/../lib/gcc/arm-none-eabi/10.3.1/../../../../arm-none-eabi/lib/thumb/v7e-m+dp/hard\libc_nano.a(lib_a-init.o)
                                                  build/startup_stm32h743xx.o
                                                  d:/~arm_toolchains_sw/gcc-arm-none-eabi-10.3-2021.10/bin/../lib/gcc/arm-none-eabi/10.3.1/../../../../arm-none-eabi/lib/thumb/v7e-m+dp/hard/crt0.o
__preinit_array_end                               d:/~arm_toolchains_sw/gcc-arm-none-eabi-10.3-2021.10/bin/../lib/gcc/arm-none-eabi/10.3.1/../../../../arm-none-eabi/lib/thumb/v7e-m+dp/hard\libc_nano.a(lib_a-init.o)
__preinit_array_start                             d:/~arm_toolchains_sw/gcc-arm-none-eabi-10.3-2021.10/bin/../lib/gcc/arm-none-eabi/10.3.1/../../../../arm-none-eabi/lib/thumb/v7e-m+dp/hard\libc_nano.a(lib_a-init.o)
__register_frame_info                             d:/~arm_toolchains_sw/gcc-arm-none-eabi-10.3-2021.10/bin/../lib/gcc/arm-none-eabi/10.3.1/thumb/v7e-m+dp/hard/crtbegin.o
__sf_fake_stderr                                  d:/~arm_toolchains_sw/gcc-arm-none-eabi-10.3-2021.10/bin/../lib/gcc/arm-none-eabi/10.3.1/../../../../arm-none-eabi/lib/thumb/v7e-m+dp/hard\libc_nano.a(lib_a-impure.o)
__sf_fake_stdin                                   d:/~arm_toolchains_sw/gcc-arm-none-eabi-10.3-2021.10/bin/../lib/gcc/arm-none-eabi/10.3.1/../../../../arm-none-eabi/lib/thumb/v7e-m+dp/hard\libc_nano.a(lib_a-impure.o)
__sf_fake_stdout                                  d:/~arm_toolchains_sw/gcc-arm-none-eabi-10.3-2021.10/bin/../lib/gcc/arm-none-eabi/10.3.1/../../../../arm-none-eabi/lib/thumb/v7e-m+dp/hard\libc_nano.a(lib_a-impure.o)
__stack                                           d:/~arm_toolchains_sw/gcc-arm-none-eabi-10.3-2021.10/bin/../lib/gcc/arm-none-eabi/10.3.1/../../../../arm-none-eabi/lib/thumb/v7e-m+dp/hard/crt0.o
_close                                            build/syscalls.o
_ebss                                             build/startup_stm32h743xx.o
_edata                                            build/startup_stm32h743xx.o
_end                                              build/sysmem.o
_estack                                           build/startup_stm32h743xx.o
                                                  build/sysmem.o
_execve                                           build/syscalls.o
_exit                                             build/syscalls.o
                                                  d:/~arm_toolchains_sw/gcc-arm-none-eabi-10.3-2021.10/bin/../lib/gcc/arm-none-eabi/10.3.1/../../../../arm-none-eabi/lib/thumb/v7e-m+dp/hard\libc_nano.a(lib_a-exit.o)
_fini                                             d:/~arm_toolchains_sw/gcc-arm-none-eabi-10.3-2021.10/bin/../lib/gcc/arm-none-eabi/10.3.1/thumb/v7e-m+dp/hard/crti.o
_fork                                             build/syscalls.o
_fstat                                            build/syscalls.o
_getpid                                           build/syscalls.o
_global_impure_ptr                                d:/~arm_toolchains_sw/gcc-arm-none-eabi-10.3-2021.10/bin/../lib/gcc/arm-none-eabi/10.3.1/../../../../arm-none-eabi/lib/thumb/v7e-m+dp/hard\libc_nano.a(lib_a-impure.o)
                                                  d:/~arm_toolchains_sw/gcc-arm-none-eabi-10.3-2021.10/bin/../lib/gcc/arm-none-eabi/10.3.1/../../../../arm-none-eabi/lib/thumb/v7e-m+dp/hard\libc_nano.a(lib_a-exit.o)
_impure_ptr                                       d:/~arm_toolchains_sw/gcc-arm-none-eabi-10.3-2021.10/bin/../lib/gcc/arm-none-eabi/10.3.1/../../../../arm-none-eabi/lib/thumb/v7e-m+dp/hard\libc_nano.a(lib_a-impure.o)
                                                  d:/~arm_toolchains_sw/gcc-arm-none-eabi-10.3-2021.10/bin/../lib/gcc/arm-none-eabi/10.3.1/../../../../arm-none-eabi/lib/thumb/v7e-m+dp/hard\libc_nano.a(lib_a-errno.o)
_init                                             d:/~arm_toolchains_sw/gcc-arm-none-eabi-10.3-2021.10/bin/../lib/gcc/arm-none-eabi/10.3.1/thumb/v7e-m+dp/hard/crti.o
                                                  d:/~arm_toolchains_sw/gcc-arm-none-eabi-10.3-2021.10/bin/../lib/gcc/arm-none-eabi/10.3.1/../../../../arm-none-eabi/lib/thumb/v7e-m+dp/hard\libc_nano.a(lib_a-init.o)
_isatty                                           build/syscalls.o
_kill                                             build/syscalls.o
_link                                             build/syscalls.o
_lseek                                            build/syscalls.o
_mainCRTStartup                                   d:/~arm_toolchains_sw/gcc-arm-none-eabi-10.3-2021.10/bin/../lib/gcc/arm-none-eabi/10.3.1/../../../../arm-none-eabi/lib/thumb/v7e-m+dp/hard/crt0.o
_open                                             build/syscalls.o
_read                                             build/syscalls.o
_sbrk                                             build/sysmem.o
_sbss                                             build/startup_stm32h743xx.o
_sdata                                            build/startup_stm32h743xx.o
_sidata                                           build/startup_stm32h743xx.o
_stack_init                                       d:/~arm_toolchains_sw/gcc-arm-none-eabi-10.3-2021.10/bin/../lib/gcc/arm-none-eabi/10.3.1/../../../../arm-none-eabi/lib/thumb/v7e-m+dp/hard/crt0.o
_start                                            d:/~arm_toolchains_sw/gcc-arm-none-eabi-10.3-2021.10/bin/../lib/gcc/arm-none-eabi/10.3.1/../../../../arm-none-eabi/lib/thumb/v7e-m+dp/hard/crt0.o
_stat                                             build/syscalls.o
_times                                            build/syscalls.o
_unlink                                           build/syscalls.o
_wait                                             build/syscalls.o
_write                                            build/syscalls.o
atexit                                            d:/~arm_toolchains_sw/gcc-arm-none-eabi-10.3-2021.10/bin/../lib/gcc/arm-none-eabi/10.3.1/../../../../arm-none-eabi/lib/thumb/v7e-m+dp/hard/crt0.o
environ                                           build/syscalls.o
exit                                              d:/~arm_toolchains_sw/gcc-arm-none-eabi-10.3-2021.10/bin/../lib/gcc/arm-none-eabi/10.3.1/../../../../arm-none-eabi/lib/thumb/v7e-m+dp/hard\libc_nano.a(lib_a-exit.o)
                                                  d:/~arm_toolchains_sw/gcc-arm-none-eabi-10.3-2021.10/bin/../lib/gcc/arm-none-eabi/10.3.1/../../../../arm-none-eabi/lib/thumb/v7e-m+dp/hard/crt0.o
g_pfnVectors                                      build/startup_stm32h743xx.o
hardware_init_hook                                d:/~arm_toolchains_sw/gcc-arm-none-eabi-10.3-2021.10/bin/../lib/gcc/arm-none-eabi/10.3.1/../../../../arm-none-eabi/lib/thumb/v7e-m+dp/hard/crt0.o
initialise_monitor_handles                        build/syscalls.o
main                                              build/main.o
                                                  build/startup_stm32h743xx.o
                                                  d:/~arm_toolchains_sw/gcc-arm-none-eabi-10.3-2021.10/bin/../lib/gcc/arm-none-eabi/10.3.1/../../../../arm-none-eabi/lib/thumb/v7e-m+dp/hard/crt0.o
memset                                            d:/~arm_toolchains_sw/gcc-arm-none-eabi-10.3-2021.10/bin/../lib/gcc/arm-none-eabi/10.3.1/../../../../arm-none-eabi/lib/thumb/v7e-m+dp/hard\libc_nano.a(lib_a-memset.o)
                                                  build/main.o
                                                  d:/~arm_toolchains_sw/gcc-arm-none-eabi-10.3-2021.10/bin/../lib/gcc/arm-none-eabi/10.3.1/../../../../arm-none-eabi/lib/thumb/v7e-m+dp/hard/crt0.o
pFlash                                            build/stm32h7xx_hal_flash.o
                                                  build/stm32h7xx_hal_flash_ex.o
software_init_hook                                d:/~arm_toolchains_sw/gcc-arm-none-eabi-10.3-2021.10/bin/../lib/gcc/arm-none-eabi/10.3.1/../../../../arm-none-eabi/lib/thumb/v7e-m+dp/hard/crt0.o
uwTick                                            build/stm32h7xx_hal.o
uwTickFreq                                        build/stm32h7xx_hal.o
uwTickPrio                                        build/stm32h7xx_hal.o
                                                  build/stm32h7xx_hal_rcc.o
